=== ambiguous-negation.eon ===
TOKENS
  identifier 0..6 "answer"
  equal 7..8 "="
  minus 9..10 "-"
  identifier 10..17 "measure"
  identifier 18..24 "sample"
  nl 24..25 "\n"
  eof 25..25 ""
AST
  <unavailable after parse error>
ERRORS
  token 2 (minus at 9): parenthesize a negated function application

=== data.eon ===
TOKENS
  identifier 0..4 "test"
  equal 5..6 "="
  l_brace 7..8 "{"
  nl 8..9 "\n"
  identifier 11..16 "first"
  equal 17..18 "="
  number_literal 19..20 "2"
  nl 20..21 "\n"
  r_brace 21..22 "}"
  nl 22..23 "\n"
  identifier 23..28 "other"
  equal 29..30 "="
  l_brace 31..32 "{"
  nl 32..33 "\n"
  identifier 35..41 "second"
  equal 42..43 "="
  identifier 44..48 "test"
  period 48..49 "."
  identifier 49..54 "first"
  asterisk 55..56 "*"
  identifier 57..61 "test"
  period 61..62 "."
  identifier 62..67 "first"
  nl 67..68 "\n"
  r_brace 68..69 "}"
  nl 69..70 "\n"
  eof 70..70 ""
AST
(map
  (declaration "test"
    (map{
      (declaration "first"
        (number_literal "2"))}))
  (declaration "other"
    (map{
      (declaration "second"
        (mul
          (field_access "first"
            (identifier "test"))
          (field_access "first"
            (identifier "test"))))})))
ERRORS
  (none)

=== empty.eon ===
TOKENS
  eof 0..0 ""
AST
(map)
ERRORS
  (none)

=== errors.eon ===
TOKENS
  identifier 0..6 "answer"
  equal 7..8 "="
  identifier 9..10 "a"
  equal_equal 11..13 "=="
  identifier 14..15 "b"
  equal_equal 16..18 "=="
  identifier 19..20 "c"
  equal_equal 21..23 "=="
  identifier 24..25 "d"
  nl 25..26 "\n"
  eof 26..26 ""
AST
  <unavailable after parse error>
ERRORS
  token 5 (equal_equal at 16): comparison operators cannot be chained

=== errors2.eon ===
TOKENS
  identifier 0..6 "answer"
  equal 7..8 "="
  identifier 9..10 "a"
  equal 11..12 "="
  identifier 13..14 "b"
  nl 14..15 "\n"
  eof 15..15 ""
AST
  <unavailable after parse error>
ERRORS
  token 3 (equal at 11): expected newline or ';' between declarations

=== expressions.eon ===
TOKENS
  identifier 0..4 "name"
  equal 5..6 "="
  identifier 7..12 "value"
  nl 12..13 "\n"
  identifier 13..19 "number"
  equal 20..21 "="
  number_literal 22..24 "42"
  nl 24..25 "\n"
  identifier 25..31 "string"
  equal 32..33 "="
  string_literal 34..41 "\"hello\""
  nl 41..42 "\n"
  identifier 42..46 "char"
  equal 47..48 "="
  char_literal 49..52 "'x'"
  nl 52..53 "\n"
  identifier 53..59 "result"
  equal 60..61 "="
  minus 62..63 "-"
  identifier 63..67 "user"
  period 67..68 "."
  identifier 68..75 "profile"
  period 75..76 "."
  identifier 76..81 "score"
  asterisk 82..83 "*"
  l_paren 84..85 "("
  identifier 85..89 "base"
  plus 90..91 "+"
  number_literal 92..93 "2"
  r_paren 93..94 ")"
  slash 95..96 "/"
  identifier 97..102 "scale"
  minus 103..104 "-"
  identifier 105..110 "delta"
  equal_equal 111..113 "=="
  identifier 114..120 "target"
  keyword_and 121..124 "and"
  identifier 125..130 "ready"
  keyword_or 131..133 "or"
  identifier 134..142 "fallback"
  nl 142..143 "\n"
  nl 143..144 "\n"
  identifier 144..149 "value"
  equal 150..151 "="
  identifier 152..153 "a"
  minus 154..155 "-"
  identifier 156..157 "b"
  minus 158..159 "-"
  identifier 160..161 "c"
  slash 162..163 "/"
  identifier 164..165 "d"
  slash 166..167 "/"
  identifier 168..169 "e"
  nl 169..170 "\n"
  identifier 170..175 "value"
  equal 176..177 "="
  minus 178..179 "-"
  identifier 179..180 "a"
  period 180..181 "."
  identifier 181..182 "b"
  period 182..183 "."
  identifier 183..184 "c"
  asterisk 185..186 "*"
  l_paren 187..188 "("
  identifier 188..189 "d"
  plus 190..191 "+"
  identifier 192..193 "e"
  r_paren 193..194 ")"
  slash 195..196 "/"
  identifier 197..198 "f"
  minus 199..200 "-"
  identifier 201..202 "g"
  equal_equal 203..205 "=="
  identifier 206..207 "h"
  keyword_and 208..211 "and"
  identifier 212..213 "i"
  keyword_or 214..216 "or"
  identifier 217..218 "j"
  nl 218..219 "\n"
  identifier 219..226 "applied"
  equal 227..228 "="
  identifier 229..232 "map"
  identifier 233..237 "user"
  period 237..238 "."
  identifier 238..245 "profile"
  l_paren 246..247 "("
  identifier 247..256 "transform"
  identifier 257..262 "value"
  r_paren 262..263 ")"
  plus 264..265 "+"
  identifier 266..274 "fallback"
  identifier 275..282 "default"
  nl 282..283 "\n"
  identifier 283..290 "negated"
  equal 291..292 "="
  minus 293..294 "-"
  l_paren 294..295 "("
  identifier 295..302 "measure"
  identifier 303..309 "sample"
  r_paren 309..310 ")"
  nl 310..311 "\n"
  eof 311..311 ""
AST
(map
  (declaration "name"
    (identifier "value"))
  (declaration "number"
    (number_literal "42"))
  (declaration "string"
    (string_literal "\"hello\""))
  (declaration "char"
    (char_literal "'x'"))
  (declaration "result"
    (bool_or
      (bool_and
        (equal_equal
          (sub
            (div
              (mul
                (negation
                  (field_access "score"
                    (field_access "profile"
                      (identifier "user"))))
                (group
                  (add
                    (identifier "base")
                    (number_literal "2"))))
              (identifier "scale"))
            (identifier "delta"))
          (identifier "target"))
        (identifier "ready"))
      (identifier "fallback")))
  (declaration "value"
    (sub
      (sub
        (identifier "a")
        (identifier "b"))
      (div
        (div
          (identifier "c")
          (identifier "d"))
        (identifier "e"))))
  (declaration "value"
    (bool_or
      (bool_and
        (equal_equal
          (sub
            (div
              (mul
                (negation
                  (field_access "c"
                    (field_access "b"
                      (identifier "a"))))
                (group
                  (add
                    (identifier "d")
                    (identifier "e"))))
              (identifier "f"))
            (identifier "g"))
          (identifier "h"))
        (identifier "i"))
      (identifier "j")))
  (declaration "applied"
    (add
      (apply
        (apply
          (identifier "map")
          (field_access "profile"
            (identifier "user")))
        (group
          (apply
            (identifier "transform")
            (identifier "value"))))
      (apply
        (identifier "fallback")
        (identifier "default"))))
  (declaration "negated"
    (negation
      (group
        (apply
          (identifier "measure")
          (identifier "sample"))))))
ERRORS
  (none)

=== tokens.eon ===
TOKENS
  identifier 0..10 "identifier"
  keyword_and 11..14 "and"
  keyword_or 15..17 "or"
  keyword_not 18..21 "not"
  nl 21..22 "\n"
  string_literal 22..30 "\"string\""
  char_literal 31..34 "'c'"
  number_literal 35..37 "12"
  number_literal 38..41 "4.2"
  number_literal 42..46 "1e+3"
  nl 46..47 "\n"
  equal_equal 47..49 "=="
  equal 50..51 "="
  plus 52..53 "+"
  minus 54..55 "-"
  asterisk 56..57 "*"
  slash 58..59 "/"
  period 60..61 "."
  colon 62..63 ":"
  semicolon 64..65 ";"
  l_paren 66..67 "("
  r_paren 68..69 ")"
  l_bracket 70..71 "["
  r_bracket 72..73 "]"
  l_brace 74..75 "{"
  r_brace 76..77 "}"
  nl 77..78 "\n"
  invalid 78..92 "@invalid token"
  nl 92..93 "\n"
  nl 112..113 "\n"
  eof 113..113 ""
AST
  <unavailable after parse error>
ERRORS
  token 1 (keyword_and at 11): expected equal
