=== ambiguous-negation.eon ===
TOKENS
  identifier 0..6 "answer"
  equal 7..8 "="
  minus 9..10 "-"
  identifier 10..17 "measure"
  identifier 18..24 "sample"
  nl 24..25 "\n"
  eof 25..25 ""
AST
  <unavailable after parse error>
ERRORS
  token 2 (minus at 9): parenthesize a negated function application

=== data.eon ===
TOKENS
  identifier 0..4 "test"
  equal 5..6 "="
  l_brace 7..8 "{"
  nl 8..9 "\n"
  identifier 11..16 "first"
  equal 17..18 "="
  number_literal 19..20 "2"
  nl 20..21 "\n"
  r_brace 21..22 "}"
  nl 22..23 "\n"
  identifier 23..28 "other"
  equal 29..30 "="
  l_brace 31..32 "{"
  nl 32..33 "\n"
  identifier 35..41 "second"
  equal 42..43 "="
  identifier 44..48 "test"
  period 48..49 "."
  identifier 49..54 "first"
  asterisk 55..56 "*"
  identifier 57..61 "test"
  period 61..62 "."
  identifier 62..67 "first"
  nl 67..68 "\n"
  r_brace 68..69 "}"
  nl 69..70 "\n"
  eof 70..70 ""
AST
(map
  (declaration "test"
    (map{
      (declaration "first"
        (number_literal "2"))}))
  (declaration "other"
    (map{
      (declaration "second"
        (mul
          (field_access "first"
            (identifier "test"))
          (field_access "first"
            (identifier "test"))))})))
ERRORS
  (none)

=== empty.eon ===
TOKENS
  eof 0..0 ""
AST
(map)
ERRORS
  (none)

=== errors.eon ===
TOKENS
  identifier 0..6 "answer"
  equal 7..8 "="
  identifier 9..10 "a"
  equal_equal 11..13 "=="
  identifier 14..15 "b"
  equal_equal 16..18 "=="
  identifier 19..20 "c"
  equal_equal 21..23 "=="
  identifier 24..25 "d"
  nl 25..26 "\n"
  eof 26..26 ""
AST
  <unavailable after parse error>
ERRORS
  token 5 (equal_equal at 16): comparison operators cannot be chained

=== errors2.eon ===
TOKENS
  identifier 0..6 "answer"
  equal 7..8 "="
  identifier 9..10 "a"
  equal 11..12 "="
  identifier 13..14 "b"
  nl 14..15 "\n"
  eof 15..15 ""
AST
  <unavailable after parse error>
ERRORS
  token 3 (equal at 11): expected newline or ';' between declarations

=== expressions.eon ===
TOKENS
  identifier 0..4 "name"
  equal 5..6 "="
  identifier 7..12 "value"
  nl 12..13 "\n"
  identifier 13..19 "number"
  equal 20..21 "="
  number_literal 22..24 "42"
  nl 24..25 "\n"
  identifier 25..31 "string"
  equal 32..33 "="
  string_literal 34..41 "\"hello\""
  nl 41..42 "\n"
  identifier 42..46 "char"
  equal 47..48 "="
  char_literal 49..52 "'x'"
  nl 52..53 "\n"
  identifier 53..57 "atom"
  equal 58..59 "="
  period 60..61 "."
  identifier 61..66 "ready"
  nl 66..67 "\n"
  identifier 67..78 "quoted_atom"
  equal 79..80 "="
  period 81..82 "."
  identifier 82..87 "@\"if\""
  nl 87..88 "\n"
  identifier 88..95 "enabled"
  equal 96..97 "="
  keyword_true 98..102 "true"
  nl 102..103 "\n"
  identifier 103..111 "disabled"
  equal 112..113 "="
  keyword_false 114..119 "false"
  nl 119..120 "\n"
  identifier 120..125 "array"
  equal 126..127 "="
  l_bracket 128..129 "["
  number_literal 129..130 "1"
  comma 130..131 ","
  identifier 132..136 "base"
  plus 137..138 "+"
  number_literal 139..140 "2"
  comma 140..141 ","
  l_bracket 142..143 "["
  keyword_true 143..147 "true"
  comma 147..148 ","
  keyword_false 149..154 "false"
  r_bracket 154..155 "]"
  r_bracket 155..156 "]"
  nl 156..157 "\n"
  identifier 157..172 "multiline_array"
  equal 173..174 "="
  l_bracket 175..176 "["
  nl 176..177 "\n"
  identifier 179..184 "first"
  comma 184..185 ","
  nl 185..186 "\n"
  identifier 188..194 "second"
  comma 194..195 ","
  nl 195..196 "\n"
  r_bracket 196..197 "]"
  nl 197..198 "\n"
  identifier 198..204 "result"
  equal 205..206 "="
  minus 207..208 "-"
  identifier 208..212 "user"
  period 212..213 "."
  identifier 213..220 "profile"
  period 220..221 "."
  identifier 221..226 "score"
  asterisk 227..228 "*"
  l_paren 229..230 "("
  identifier 230..234 "base"
  plus 235..236 "+"
  number_literal 237..238 "2"
  r_paren 238..239 ")"
  slash 240..241 "/"
  identifier 242..247 "scale"
  minus 248..249 "-"
  identifier 250..255 "delta"
  equal_equal 256..258 "=="
  identifier 259..265 "target"
  keyword_and 266..269 "and"
  identifier 270..275 "ready"
  keyword_or 276..278 "or"
  identifier 279..287 "fallback"
  nl 287..288 "\n"
  nl 288..289 "\n"
  identifier 289..294 "value"
  equal 295..296 "="
  identifier 297..298 "a"
  minus 299..300 "-"
  identifier 301..302 "b"
  minus 303..304 "-"
  identifier 305..306 "c"
  slash 307..308 "/"
  identifier 309..310 "d"
  slash 311..312 "/"
  identifier 313..314 "e"
  nl 314..315 "\n"
  identifier 315..320 "value"
  equal 321..322 "="
  minus 323..324 "-"
  identifier 324..325 "a"
  period 325..326 "."
  identifier 326..327 "b"
  period 327..328 "."
  identifier 328..329 "c"
  asterisk 330..331 "*"
  l_paren 332..333 "("
  identifier 333..334 "d"
  plus 335..336 "+"
  identifier 337..338 "e"
  r_paren 338..339 ")"
  slash 340..341 "/"
  identifier 342..343 "f"
  minus 344..345 "-"
  identifier 346..347 "g"
  equal_equal 348..350 "=="
  identifier 351..352 "h"
  keyword_and 353..356 "and"
  identifier 357..358 "i"
  keyword_or 359..361 "or"
  identifier 362..363 "j"
  nl 363..364 "\n"
  identifier 364..371 "applied"
  equal 372..373 "="
  identifier 374..377 "map"
  identifier 378..382 "user"
  period 382..383 "."
  identifier 383..390 "profile"
  l_paren 391..392 "("
  identifier 392..401 "transform"
  identifier 402..407 "value"
  r_paren 407..408 ")"
  plus 409..410 "+"
  identifier 411..419 "fallback"
  identifier 420..427 "default"
  nl 427..428 "\n"
  identifier 428..435 "negated"
  equal 436..437 "="
  minus 438..439 "-"
  l_paren 439..440 "("
  identifier 440..447 "measure"
  identifier 448..454 "sample"
  r_paren 454..455 ")"
  nl 455..456 "\n"
  eof 456..456 ""
AST
(map
  (declaration "name"
    (identifier "value"))
  (declaration "number"
    (number_literal "42"))
  (declaration "string"
    (string_literal "\"hello\""))
  (declaration "char"
    (char_literal "'x'"))
  (declaration "atom"
    (atom_literal "ready"))
  (declaration "quoted_atom"
    (atom_literal "@\"if\""))
  (declaration "enabled"
    (boolean_literal "true"))
  (declaration "disabled"
    (boolean_literal "false"))
  (declaration "array"
    (array
      (number_literal "1")
      (add
        (identifier "base")
        (number_literal "2"))
      (array
        (boolean_literal "true")
        (boolean_literal "false"))))
  (declaration "multiline_array"
    (array
      (identifier "first")
      (identifier "second")))
  (declaration "result"
    (bool_or
      (bool_and
        (equal_equal
          (sub
            (div
              (mul
                (negation
                  (field_access "score"
                    (field_access "profile"
                      (identifier "user"))))
                (group
                  (add
                    (identifier "base")
                    (number_literal "2"))))
              (identifier "scale"))
            (identifier "delta"))
          (identifier "target"))
        (identifier "ready"))
      (identifier "fallback")))
  (declaration "value"
    (sub
      (sub
        (identifier "a")
        (identifier "b"))
      (div
        (div
          (identifier "c")
          (identifier "d"))
        (identifier "e"))))
  (declaration "value"
    (bool_or
      (bool_and
        (equal_equal
          (sub
            (div
              (mul
                (negation
                  (field_access "c"
                    (field_access "b"
                      (identifier "a"))))
                (group
                  (add
                    (identifier "d")
                    (identifier "e"))))
              (identifier "f"))
            (identifier "g"))
          (identifier "h"))
        (identifier "i"))
      (identifier "j")))
  (declaration "applied"
    (add
      (apply
        (apply
          (identifier "map")
          (field_access "profile"
            (identifier "user")))
        (group
          (apply
            (identifier "transform")
            (identifier "value"))))
      (apply
        (identifier "fallback")
        (identifier "default"))))
  (declaration "negated"
    (negation
      (group
        (apply
          (identifier "measure")
          (identifier "sample"))))))
ERRORS
  (none)

=== tokens.eon ===
TOKENS
  identifier 0..10 "identifier"
  keyword_and 11..14 "and"
  keyword_or 15..17 "or"
  keyword_not 18..21 "not"
  nl 21..22 "\n"
  string_literal 22..30 "\"string\""
  char_literal 31..34 "'c'"
  number_literal 35..37 "12"
  number_literal 38..41 "4.2"
  number_literal 42..46 "1e+3"
  nl 46..47 "\n"
  equal_equal 47..49 "=="
  equal 50..51 "="
  plus 52..53 "+"
  minus 54..55 "-"
  asterisk 56..57 "*"
  slash 58..59 "/"
  period 60..61 "."
  colon 62..63 ":"
  semicolon 64..65 ";"
  l_paren 66..67 "("
  r_paren 68..69 ")"
  l_bracket 70..71 "["
  r_bracket 72..73 "]"
  l_brace 74..75 "{"
  r_brace 76..77 "}"
  nl 77..78 "\n"
  invalid 78..92 "@invalid token"
  nl 92..93 "\n"
  identifier 93..98 "@\"or\""
  nl 98..99 "\n"
  nl 118..119 "\n"
  eof 119..119 ""
AST
  <unavailable after parse error>
ERRORS
  token 1 (keyword_and at 11): expected equal
